
> internal-hackathon@0.1.0 build
> next build

  Γû▓ Next.js 14.2.5
  - Environments: .env.local

   Creating an optimized production build ...
node.exe :  ΓÜá Compiled with 
warnings
At C:\Program 
Files\nodejs\npm.ps1:29 char:3
+   & $NODE_EXE $NPM_CLI_JS 
$args
+   
~~~~~~~~~~~~~~~~~~~~~~~~~~~~~
    + CategoryInfo          : 
    NotSpecified: ( ΓÜá Comp  
  iled with warnings:String   
 ) [], RemoteException
    + FullyQualifiedErrorId : 
    NativeCommandError
 

./app/(student)/submission/pag
e.tsx
Attempted import error: 
'ShieldInfo' is not exported 
from '__barrel_optimize__?name
s=AlertCircle,ArrowLeft,FileCh
eck,FileUp,ShieldInfo,Trash2!=
!lucide-react' (imported as 
'ShieldInfo').

Import trace for requested 
module:
./app/(student)/submission/pag
e.tsx

 ΓÜá Compiled with warnings

./app/(student)/submission/pag
e.tsx
Attempted import error: 
'ShieldInfo' is not exported 
from '__barrel_optimize__?name
s=AlertCircle,ArrowLeft,FileCh
eck,FileUp,ShieldInfo,Trash2!=
!lucide-react' (imported as 
'ShieldInfo').

Import trace for requested 
module:
./app/(student)/submission/pag
e.tsx

 Γ£ô Compiled successfully
   Linting and checking validity of types ...
Failed to compile.

.next/types/app/(student)/sche
dule/page.ts:8:13
Type error: Type 
'OmitWithTag<typeof 
import("D:/Internal Hackathon/
app/(student)/schedule/page"),
 "default" | "config" | 
"generateStaticParams" | 
"revalidate" | "dynamic" | 
"dynamicParams" | 
"fetchCache" | ... 6 more ... 
| "generateViewport", "">' 
does not satisfy the 
constraint '{ [x: string]: 
never; }'.
  Property 'schedule' is 
incompatible with index 
signature.
    Type '{ date: string; 
title: string; description: 
string; }[]' is not 
assignable to type 'never'.

[0m [90m  6 |[39m[0m
[0m [90m  7 |[39m [90m// 
Check that the entry is a 
valid entry[39m[0m
[0m[31m[1m>[22m[39m[90m 
 8 |[39m checkFields[33m<[3
9m[33mDiff[39m[33m<[39m{[
0m
[0m [90m    |[39m          
   [31m[1m^[22m[39m[0m
[0m [90m  9 |[39m   
[36mdefault[39m[33m:[39m 
[33mFunction[39m[0m
[0m [90m 10 |[39m   
config[33m?[39m[33m:[39m 
{}[0m
[0m [90m 11 |[39m   generat
eStaticParams[33m?[39m[33m:
[39m [33mFunction[39m[0m
